// Jest Snapshot v1, https://goo.gl/fbAQLP

exports[`matches snapshot 1`] = `
<div
  className="row align-items-center justify-content-center productDetailsContainer"
  data-testid="productDetails"
>
  <div
    className="col-6"
  />
  <div
    className="col-6"
  >
    <div
      className="productDetailsName"
    />
    <br />
    <div
      className="productDetailsPrice"
    >
      $
    </div>
    <br />
    <div
      className="productDetailsDescription"
    />
    <br />
    <div
      className="row align-items-center text-start"
    >
      <div
        className="col-2"
      >
        <div
          className="quantity-input"
        >
          <button
            className="quantity-input__modifier quantity-input__modifier--left"
            onClick={[Function]}
          >
            —
          </button>
          <input
            className="quantity-input__screen"
            readOnly={true}
            type="text"
            value={1}
          />
          <button
            className="quantity-input__modifier quantity-input__modifier--right"
            onClick={[Function]}
          >
            ＋
          </button>
        </div>
      </div>
      <div
        className="col-3"
      >
        <button
          className="cartButton"
          onClick={[Function]}
        >
          Add To Cart
        </button>
      </div>
    </div>
    <div
      className="row keepShoppingContainer"
    >
      <div
        className="col"
      >
        <a
          href="/"
          onClick={[Function]}
          style={
            Object {
              "color": "#000000",
              "textDecoration": "none",
            }
          }
        >
          <span
            className="cursor keepShopping"
          >
            &lt;Keep Shopping
          </span>
        </a>
      </div>
    </div>
  </div>
</div>
`;
